Last login: Tue Apr 25 11:59:27 on console
grc-canada:~ csstroh$ cd desktop
grc-canada:desktop csstroh$ pwd
/Users/csstroh/desktop
grc-canada:desktop csstroh$ cd 338_03_L04_Csstroh
grc-canada:338_03_L04_Csstroh csstroh$ git init
Initialized empty Git repository in /Users/csstroh/Desktop/338_03_L04_Csstroh/.git/
grc-canada:338_03_L04_Csstroh csstroh$ git remote add origin https://github.com/csstroh/lab04.git
grc-canada:338_03_L04_Csstroh csstroh$ git status
On branch master

Initial commit

Untracked files:
  (use "git add <file>..." to include in what will be committed)

	.DS_Store

nothing added to commit but untracked files present (use "git add" to track)
grc-canada:338_03_L04_Csstroh csstroh$ git add -A
grc-canada:338_03_L04_Csstroh csstroh$ git commit -m "Add files"
[master (root-commit) 34acba4] Add files
 1 file changed, 0 insertions(+), 0 deletions(-)
 create mode 100644 .DS_Store
grc-canada:338_03_L04_Csstroh csstroh$ git push -u origin master
Counting objects: 3, done.
Delta compression using up to 4 threads.
Compressing objects: 100% (2/2), done.
Writing objects: 100% (3/3), 474 bytes | 0 bytes/s, done.
Total 3 (delta 0), reused 0 (delta 0)
To https://github.com/csstroh/lab04.git
 * [new branch]      master -> master
Branch master set up to track remote branch master from origin.
grc-canada:338_03_L04_Csstroh csstroh$ git status
On branch master
Your branch is up-to-date with 'origin/master'.
Untracked files:
  (use "git add <file>..." to include in what will be committed)

	css/
	index.html

nothing added to commit but untracked files present (use "git add" to track)
grc-canada:338_03_L04_Csstroh csstroh$ git status
On branch master
Your branch is up-to-date with 'origin/master'.
Untracked files:
  (use "git add <file>..." to include in what will be committed)

	css/
	images/
	index.html

nothing added to commit but untracked files present (use "git add" to track)
grc-canada:338_03_L04_Csstroh csstroh$ git add -A
grc-canada:338_03_L04_Csstroh csstroh$ git commit -m "Add html and css"
[master 048e075] Add html and css
 3 files changed, 5767 insertions(+)
 create mode 100644 css/styles.css
 create mode 100755 images/adobe_logo.eps
 create mode 100644 index.html
grc-canada:338_03_L04_Csstroh csstroh$ git status
On branch master
Your branch is ahead of 'origin/master' by 1 commit.
  (use "git push" to publish your local commits)
nothing to commit, working tree clean
grc-canada:338_03_L04_Csstroh csstroh$ git push
Counting objects: 7, done.
Delta compression using up to 4 threads.
Compressing objects: 100% (4/4), done.
Writing objects: 100% (7/7), 89.82 KiB | 0 bytes/s, done.
Total 7 (delta 0), reused 0 (delta 0)
To https://github.com/csstroh/lab04.git
   34acba4..048e075  master -> master
grc-canada:338_03_L04_Csstroh csstroh$ git status
On branch master
Your branch is up-to-date with 'origin/master'.
Changes not staged for commit:
  (use "git add <file>..." to update what will be committed)
  (use "git checkout -- <file>..." to discard changes in working directory)

	modified:   .DS_Store
	modified:   css/styles.css
	modified:   index.html

Untracked files:
  (use "git add <file>..." to include in what will be committed)

	images/.DS_Store
	images/adobe_logo.svg
	images/if.svg

no changes added to commit (use "git add" and/or "git commit -a")
grc-canada:338_03_L04_Csstroh csstroh$ git add -am "Style top div"
error: unknown switch `a'
usage: git add [<options>] [--] <pathspec>...

    -n, --dry-run         dry run
    -v, --verbose         be verbose

    -i, --interactive     interactive picking
    -p, --patch           select hunks interactively
    -e, --edit            edit current diff and apply
    -f, --force           allow adding otherwise ignored files
    -u, --update          update tracked files
    -N, --intent-to-add   record only the fact that the path will be added later
    -A, --all             add changes from all tracked and untracked files
    --ignore-removal      ignore paths removed in the working tree (same as --no-all)
    --refresh             don't add, only refresh the index
    --ignore-errors       just skip files which cannot be added because of errors
    --ignore-missing      check if - even missing - files are ignored in dry run
    --chmod <(+/-)x>      override the executable bit of the listed files

grc-canada:338_03_L04_Csstroh csstroh$ git push
Everything up-to-date
grc-canada:338_03_L04_Csstroh csstroh$ git status
On branch master
Your branch is up-to-date with 'origin/master'.
Changes not staged for commit:
  (use "git add <file>..." to update what will be committed)
  (use "git checkout -- <file>..." to discard changes in working directory)

	modified:   .DS_Store
	modified:   css/styles.css
	modified:   index.html

Untracked files:
  (use "git add <file>..." to include in what will be committed)

	images/.DS_Store
	images/adobe_logo.svg
	images/if.svg

no changes added to commit (use "git add" and/or "git commit -a")
grc-canada:338_03_L04_Csstroh csstroh$ git add -A
grc-canada:338_03_L04_Csstroh csstroh$ git commit -m "Style top div"
[master 79915f4] Style top div
 6 files changed, 36 insertions(+)
 create mode 100644 images/.DS_Store
 create mode 100644 images/adobe_logo.svg
 create mode 100644 images/if.svg
grc-canada:338_03_L04_Csstroh csstroh$ git push
Counting objects: 10, done.
Delta compression using up to 4 threads.
Compressing objects: 100% (9/9), done.
Writing objects: 100% (10/10), 3.06 KiB | 0 bytes/s, done.
Total 10 (delta 1), reused 0 (delta 0)
remote: Resolving deltas: 100% (1/1), completed with 1 local object.
To https://github.com/csstroh/lab04.git
   048e075..79915f4  master -> master
grc-canada:338_03_L04_Csstroh csstroh$ git status
On branch master
Your branch is up-to-date with 'origin/master'.
Changes not staged for commit:
  (use "git add <file>..." to update what will be committed)
  (use "git checkout -- <file>..." to discard changes in working directory)

	modified:   css/styles.css
	modified:   index.html

no changes added to commit (use "git add" and/or "git commit -a")
grc-canada:338_03_L04_Csstroh csstroh$ git add -A
grc-canada:338_03_L04_Csstroh csstroh$ git commit -am "Format bottom div"
[master 73b11d3] Format bottom div
 2 files changed, 50 insertions(+), 6 deletions(-)
grc-canada:338_03_L04_Csstroh csstroh$ git push
Counting objects: 5, done.
Delta compression using up to 4 threads.
Compressing objects: 100% (4/4), done.
Writing objects: 100% (5/5), 1.07 KiB | 0 bytes/s, done.
Total 5 (delta 0), reused 0 (delta 0)
git status
To https://github.com/csstroh/lab04.git
   79915f4..73b11d3  master -> master
grc-canada:338_03_L04_Csstroh csstroh$ git status
On branch master
Your branch is up-to-date with 'origin/master'.
nothing to commit, working tree clean
grc-canada:338_03_L04_Csstroh csstroh$ git status
On branch master
Your branch is up-to-date with 'origin/master'.
Changes not staged for commit:
  (use "git add <file>..." to update what will be committed)
  (use "git checkout -- <file>..." to discard changes in working directory)

	modified:   css/styles.css
	modified:   index.html

no changes added to commit (use "git add" and/or "git commit -a")
grc-canada:338_03_L04_Csstroh csstroh$ git add - A
fatal: pathspec '-' did not match any files
grc-canada:338_03_L04_Csstroh csstroh$ git commit -m "Final formatting"
On branch master
Your branch is up-to-date with 'origin/master'.
Changes not staged for commit:
	modified:   css/styles.css
	modified:   index.html

no changes added to commit
grc-canada:338_03_L04_Csstroh csstroh$ git status
On branch master
Your branch is up-to-date with 'origin/master'.
Changes not staged for commit:
  (use "git add <file>..." to update what will be committed)
  (use "git checkout -- <file>..." to discard changes in working directory)

	modified:   css/styles.css
	modified:   index.html

no changes added to commit (use "git add" and/or "git commit -a")
grc-canada:338_03_L04_Csstroh csstroh$ git add -A
grc-canada:338_03_L04_Csstroh csstroh$ git status
On branch master
Your branch is up-to-date with 'origin/master'.
Changes to be committed:
  (use "git reset HEAD <file>..." to unstage)

	modified:   css/styles.css
	modified:   index.html

grc-canada:338_03_L04_Csstroh csstroh$ git commit -m "Final formatting"
[master 94b9412] Final formatting
 2 files changed, 10 insertions(+), 2 deletions(-)
grc-canada:338_03_L04_Csstroh csstroh$ git push
Counting objects: 5, done.
Delta compression using up to 4 threads.
Compressing objects: 100% (4/4), done.
Writing objects: 100% (5/5), 578 bytes | 0 bytes/s, done.
Total 5 (delta 2), reused 0 (delta 0)
remote: Resolving deltas: 100% (2/2), completed with 2 local objects.
To https://github.com/csstroh/lab04.git
   73b11d3..94b9412  master -> master
grc-canada:338_03_L04_Csstroh csstroh$ git status
On branch master
Your branch is up-to-date with 'origin/master'.
Changes not staged for commit:
  (use "git add <file>..." to update what will be committed)
  (use "git checkout -- <file>..." to discard changes in working directory)

	modified:   css/styles.css
	modified:   index.html

no changes added to commit (use "git add" and/or "git commit -a")
grc-canada:338_03_L04_Csstroh csstroh$ git commit -am "Add comments"
[master 2c5da8f] Add comments
 2 files changed, 14 insertions(+), 6 deletions(-)
grc-canada:338_03_L04_Csstroh csstroh$ git status
On branch master
Your branch is ahead of 'origin/master' by 1 commit.
  (use "git push" to publish your local commits)
nothing to commit, working tree clean
grc-canada:338_03_L04_Csstroh csstroh$ git push
Counting objects: 5, done.
Delta compression using up to 4 threads.
Compressing objects: 100% (4/4), done.
Writing objects: 100% (5/5), 720 bytes | 0 bytes/s, done.
Total 5 (delta 2), reused 0 (delta 0)
remote: Resolving deltas: 100% (2/2), completed with 2 local objects.
To https://github.com/csstroh/lab04.git
   94b9412..2c5da8f  master -> master
grc-canada:338_03_L04_Csstroh csstroh$ log
-bash: log: command not found
grc-canada:338_03_L04_Csstroh csstroh$ git log
commit 2c5da8fa8581953b2c77b65476bd0a90d35d595a
Author: Chandler Stroh <csstroh@calpoly.edu>
Date:   Tue Apr 25 14:26:28 2017 -0700

    Add comments

commit 94b941263275699684af888f4bdfd28fba18b347
Author: Chandler Stroh <csstroh@calpoly.edu>
Date:   Tue Apr 25 14:19:39 2017 -0700

    Final formatting

commit 73b11d376ae2f0c05a558f1ae38cffa3f6cba0d3
Author: Chandler Stroh <csstroh@calpoly.edu>
Date:   Tue Apr 25 13:50:22 2017 -0700

    Format bottom div

commit 79915f4a8ac304a574082b2863f2fd362d588561
Author: Chandler Stroh <csstroh@calpoly.edu>
Date:   Tue Apr 25 13:29:26 2017 -0700

    Style top div
:
